tree_full_L6 [0, -2, -16, -116, -832, -5972, -42976]
tree_local_L6 [0, -2, -16, -116, -832, -5972, -42976, -310088, -2242816]
tree_a_L6 [2, 10, 56, 334]
tree_local_L7 [0, -2, -16, -116, -832, -5972, -42976, -310088, -2242816]
tree_a_L7 [2, 10, 56, 334]
grid_local_n8 [0, -2, -16, -116, -848, -6332, -48136, -370624, -2878368]
grid_a_n8 [2, 10, 56, 338]
grid_full_n10 [0, -2, -16, -116, -848, -6332, -48136]
grid_local_n10 [0, -2, -16, -116, -848, -6332, -48136, -370624, -2878368]
grid_a_n10 [2, 10, 56, 338]
grid_local_n12 [0, -2, -16, -116, -848, -6332, -48136, -370624, -2878368]
grid_a_n12 [2, 10, 56, 338]
torus_local_N25 [0, -2, -16, -116, -848, -6332, -48136, -370624, -2878368]
torus_full_N25 [0, -2, -16, -116, -848, -6332, -48136]
a_k predicted [2, 10, 56, 334]
a_k predicted [2, 10, 56, 338]
tree  Delta_0..8: [0, -2, -16, -116, -832, -5972, -42976, -310088, -2242816]
grid  Delta_0..8: [0, -2, -16, -116, -848, -6332, -48136, -370624, -2878368]
tree-grid       : [0, 0, 0, 0, 16, 360, 5160, 60536, 635552]
H_t(B4)-H_t(P) Taylor coefficients t^0..t^8: ['0', '0', '0', '0', '2/3', '-3', '43/6', '-1081/90', '19861/1260']
t=0.02: finite heat diff tree-grid = 9.751051e-08; series(<=8) = 9.751036e-08; (2/3)t^4 = 1.066667e-07
t=0.05: finite heat diff tree-grid = 3.332346e-06; series(<=8) = 3.332378e-06; (2/3)t^4 = 4.166667e-06
t=0.1: finite heat diff tree-grid = 4.277417e-05; series(<=8) = 4.278985e-05; (2/3)t^4 = 6.666667e-05
t=0.2: finite heat diff tree-grid = 4.445650e-04; series(<=8) = 4.519436e-04; (2/3)t^4 = 1.066667e-03

real	1m55.828s
user	1m14.729s
sys	0m0.562s
